Archive member included to satisfy reference by file (symbol)

D:/Segger_Embbeded_V562/lib/libm_v7em_fpv4_sp_d16_hard_t_le_eabi.a(libm_asm.o)
                              Output/Release/Obj/template_pca10056/nrf_drv_csense.o (__aeabi_dmul)
D:/Segger_Embbeded_V562/lib/libc_v7em_fpv4_sp_d16_hard_t_le_eabi.a(libc_asm.o)
                              Output/Release/Obj/template_pca10056/nrfx_wdt.o (__aeabi_uldivmod)
D:/Segger_Embbeded_V562/lib/libc_v7em_fpv4_sp_d16_hard_t_le_eabi.a(libc2.o)
                              Output/Release/Obj/template_pca10056/fnmatch.o (isupper)
D:/Segger_Embbeded_V562/lib/libc_v7em_fpv4_sp_d16_hard_t_le_eabi.a(libc2_asm.o)
                              Output/Release/Obj/template_pca10056/nrfx_usbd.o (memcpy)
D:/Segger_Embbeded_V562/lib/libc_v7em_fpv4_sp_d16_hard_t_le_eabi.a(libvfprintf.o)
                              (__vfprintf_long)
D:/Segger_Embbeded_V562/lib/libc_v7em_fpv4_sp_d16_hard_t_le_eabi.a(libvfscanf.o)
                              (__vfscanf_long)
D:/Segger_Embbeded_V562/lib/libc_v7em_fpv4_sp_d16_hard_t_le_eabi.a(libc.o)
                              D:/Segger_Embbeded_V562/lib/libc_v7em_fpv4_sp_d16_hard_t_le_eabi.a(libc2.o) (__heap_lock)
D:/Segger_Embbeded_V562/lib/libdebugio_v7em_fpv4_sp_d16_hard_t_le_eabi.a(libdebugio.o)
                              Output/Release/Obj/template_pca10056/thumb_crt0.o (debug_fopen)
D:/Segger_Embbeded_V562/lib/libdebugio_v7em_fpv4_sp_d16_hard_t_le_eabi.a(do_nv_debug_operation.o)
                              D:/Segger_Embbeded_V562/lib/libdebugio_v7em_fpv4_sp_d16_hard_t_le_eabi.a(libdebugio.o) (__do_nvdebug_operation)
D:/Segger_Embbeded_V562/lib/libdebugio_v7em_fpv4_sp_d16_hard_t_le_eabi.a(mempoll_debug_operations.o)
                              (__do_debug_operation_mempoll)
